SQLSTATE[42S02]: Base table or view not found: 1146 Table 'nextmenu.promotions' doesn't exist
SQLSTATE[42S02]: Base table or view not found: 1146 Table 'nextmenu.promotions' doesn't exist
SQLSTATE[42S02]: Base table or view not found: 1146 Table 'nextmenu.promotions' doesn't exist
SQLSTATE[42S02]: Base table or view not found: 1146 Table 'nextmenu.promotions' doesn't exist
SQLSTATE[42S02]: Base table or view not found: 1146 Table 'nextmenu.promotions' doesn't exist
44444444444444444444444444